###############################################################################
#
# IAR ELF Linker V9.70.1.475/W64 for ARM                  05/Sep/2025  12:09:46
# Copyright 2007-2025 IAR Systems AB.
#
#    Output file  =  D:\__MY_PROJECT__\IAR\test\Debug\Exe\test.out
#    Map file     =  D:\__MY_PROJECT__\IAR\test\Debug\List\test.map
#    Command line =
#        -f D:\__MY_PROJECT__\IAR\test\Debug\Exe\test.out.rsp
#        (D:\__MY_PROJECT__\IAR\test\Debug\Obj\main.o --no_out_extension -o
#        D:\__MY_PROJECT__\IAR\test\Debug\Exe\test.out --redirect
#        _Printf=_PrintfFullNoMb --redirect _Scanf=_ScanfFullNoMb --map
#        D:\__MY_PROJECT__\IAR\test\Debug\List\test.map --config "C:\Program
#        Files\IAR Systems\Embedded Workbench
#        9.70.1\arm/config/linker/ST/stm32f103x8.icf" --semihosting --entry
#        __iar_program_start --vfe --text_out locale --cpu=Cortex-M3
#        --fpu=None) --diagnostics_format=sarif_stdout --dependencies=n
#        D:\__MY_PROJECT__\IAR\test\Debug\Exe\test.out.iar_deps
#        --dynamic_output
#        D:\__MY_PROJECT__\IAR\test\Debug\Exe\test.out.iar_dynout
#
###############################################################################

*******************************************************************************
*** RUNTIME MODEL ATTRIBUTES
***

CppFlavor       = *
__CPP_Runtime   = 1
__SystemLibrary = DLib
__dlib_version  = 6


*******************************************************************************
*** HEAP SELECTION
***

The basic heap was selected because --advanced_heap
was not specified and the application did not appear to
be primarily optimized for speed.


*******************************************************************************
*** PLACEMENT SUMMARY
***

"A0":  place at address 0x800'0000 {  ro section .intvec };
"P1":  place in [from 0x800'0000 to 0x800'ffff] {  ro };
define block CSTACK with size = 2K, alignment = 8 { };
define block HEAP with size = 2K, alignment = 8 { };
"P2":  place in [from 0x2000'0000 to 0x2000'4fff] {
           rw,  block CSTACK,  block HEAP };

No sections matched the following patterns:

  rw  in "P2"


  Section   Kind         Address  Alignment   Size  Object
  -------   ----         -------  ---------   ----  ------
"A0":                                         0x40
  .intvec   ro code   0x800'0000          4   0x40  vector_table_M.o [3]
                    - 0x800'0040              0x40

"P1":                                         0x9e
  .text     ro code   0x800'0040          2   0x2e  main.o [1]
  .text     ro code   0x800'006e          2    0x2  vectortrap_M.o [3]
  .text     ro code   0x800'0070          4   0x22  cmain.o [3]
  .text     ro code   0x800'0092          2    0x4  low_level_init.o [2]
  .text     ro code   0x800'0096          2    0x4  exit.o [2]
  .text     ro code   0x800'009c          4    0x4  cexit.o [3]
  .text     ro code   0x800'00a0          4    0xa  cexit_2.o [3]
  .text     ro code   0x800'00ac          4   0x14  exit.o [4]
  .text     ro code   0x800'00c0          4   0x1e  cstartup_M.o [3]
                    - 0x800'00de              0x9e

"P2":                                        0x800
  CSTACK             0x2000'0000          8  0x800  <Block>
    CSTACK  uninit   0x2000'0000             0x800  <Block tail>
                   - 0x2000'0800             0x800

Unused ranges:

         From           To    Size
         ----           --    ----
   0x800'00de   0x800'ffff  0xff22
  0x2000'0800  0x2000'4fff  0x4800



*******************************************************************************
*** MODULE SUMMARY
***

    Module            ro code  rw data
    ------            -------  -------
command line/config:
    ----------------------------------
    Total:

D:\__MY_PROJECT__\IAR\test\Debug\Obj: [1]
    main.o                 46
    ----------------------------------
    Total:                 46

dl7M_tln.a: [2]
    exit.o                  4
    low_level_init.o        4
    ----------------------------------
    Total:                  8

rt7M_tl.a: [3]
    cexit.o                 4
    cexit_2.o              10
    cmain.o                34
    cstartup_M.o           30
    vector_table_M.o       64
    vectortrap_M.o          2
    ----------------------------------
    Total:                144

shb_l.a: [4]
    exit.o                 20
    ----------------------------------
    Total:                 20

    Gaps                    4
    Linker created               2'048
--------------------------------------
    Grand Total:          222    2'048


*******************************************************************************
*** ENTRY LIST
***

Entry                     Address  Size  Type      Object
-----                     -------  ----  ----      ------
?main                  0x800'0071        Code  Gb  cmain.o [3]
BusFault_Handler       0x800'006f        Code  Wk  vectortrap_M.o [3]
CSTACK$$Base          0x2000'0000         --   Gb  - Linker created -
CSTACK$$Limit         0x2000'0800         --   Gb  - Linker created -
DebugMon_Handler       0x800'006f        Code  Wk  vectortrap_M.o [3]
HardFault_Handler      0x800'006f        Code  Wk  vectortrap_M.o [3]
MemManage_Handler      0x800'006f        Code  Wk  vectortrap_M.o [3]
NMI_Handler            0x800'006f        Code  Wk  vectortrap_M.o [3]
PendSV_Handler         0x800'006f        Code  Wk  vectortrap_M.o [3]
Region$$Table$$Base           0x0         --   Gb  - Linker created -
Region$$Table$$Limit          0x0         --   Gb  - Linker created -
SVC_Handler            0x800'006f        Code  Wk  vectortrap_M.o [3]
SysTick_Handler        0x800'006f        Code  Wk  vectortrap_M.o [3]
UsageFault_Handler     0x800'006f        Code  Wk  vectortrap_M.o [3]
__cmain                0x800'0071        Code  Gb  cmain.o [3]
__exit                 0x800'00ad  0x14  Code  Gb  exit.o [4]
__iar_program_start    0x800'00c1        Code  Gb  cstartup_M.o [3]
__low_level_init       0x800'0093   0x4  Code  Gb  low_level_init.o [2]
__vector_table         0x800'0000        Data  Gb  vector_table_M.o [3]
_call_main             0x800'007d        Code  Gb  cmain.o [3]
_exit                  0x800'009d        Code  Gb  cexit.o [3]
_exit_2                0x800'00a1        Code  Gb  cexit_2.o [3]
exit                   0x800'0097   0x4  Code  Gb  exit.o [2]
main                   0x800'0053  0x1c  Code  Gb  main.o [1]
test                   0x800'0041   0xc  Code  Gb  main.o [1]
test1                  0x800'004d   0x4  Code  Gb  main.o [1]
test2                  0x800'0051   0x2  Code  Gb  main.o [1]


[1] = D:\__MY_PROJECT__\IAR\test\Debug\Obj
[2] = dl7M_tln.a
[3] = rt7M_tl.a
[4] = shb_l.a

    222 bytes of readonly  code memory
  2'048 bytes of readwrite data memory

Errors: none
Warnings: none
